---
source: crates/kata-driver/tests/examples_snapshot.rs
expression: output
---
--- stderr ---
Error: type.no_overload

  × nenhuma sobrecarga compatível para `echo` com os argumentos fornecidos
   ╭─[/home/arthur/workspace/Kata5/crates/kata-driver/../../examples/legacy/test_unit.kata:2:5]
 1 │ action main
 2 │     echo!(())
   ·     ───┬───
   ·        ╰── nenhuma sobrecarga compatível
   ╰────
