---
source: crates/kata-driver/tests/examples_snapshot.rs
expression: output
---
--- stderr ---
Error: parse.unexpected_token

  × token inesperado: esperado ``..` ou `..=` após step do range`, encontrado
  │ `]`
   ╭─[/home/arthur/workspace/Kata5/crates/kata-driver/../../examples/legacy/test_fizzbuzz_list.kata:6:23]
 5 │ action main
 6 │     let nums := [1..15]
   ·                       ┬
   ·                       ╰── token inesperado
 7 │     let result := $(fizzbuzz_list nums)
   ╰────
