---
source: crates/kata-driver/tests/examples_snapshot.rs
expression: output
---
--- stderr ---
Error: parse.unexpected_token

  × token inesperado: esperado `expression`, encontrado `<!`
    ╭─[/home/arthur/workspace/Kata5/crates/kata-driver/../../examples/legacy/test_log.kata:14:16]
 13 │     echo!("Auditor start")
 14 │     let msg := <! rx
    ·                ──
 15 │     echo!(msg)
    ╰────
