---
source: crates/kata-driver/tests/examples_snapshot.rs
expression: output
---
--- stderr ---
resolve.unknown_directive

  × diretiva `log` não reconhecida em action `test_log: when é obrigatório em
  │ @log`

resolve.unknown_directive

  × diretiva `log` não reconhecida em action `test_log: when deve ser "enter"
  │ ou "exit", got ""`

Error:   × 2 erro(s) encontrado(s)
