---
source: crates/kata-driver/tests/examples_snapshot.rs
expression: output
---
--- stderr ---
[resolution] warning: `read` tem overloads com aridades diferentes (1 vs 2) — aridade padrão = 1 (primeira declaração)
[resolution] warning: `read` tem overloads com aridades diferentes (1 vs 2) — aridade padrão = 1 (primeira declaração)
Error: type.unbound_name

  × nome `$` não está no escopo
