---
source: crates/kata-driver/tests/examples_snapshot.rs
expression: output
---
--- stderr ---
[resolution] warning: interface 'ITERABLE' não declarada neste módulo (em implements para CustomIter) — pode estar no prelude
[resolution] warning: interface 'ITERATOR' não declarada neste módulo (em implements para CustomIter) — pode estar no prelude
Error: type.mismatch

  × tipo incompatível: esperado `Optional`, encontrado `Optional::(T)`
