---
source: crates/kata-driver/tests/examples_snapshot.rs
expression: output
---
--- stderr ---
Error: parse.unexpected_token

  × token inesperado: esperado ``..` ou `..=` após step do range`, encontrado
  │ `]`
    ╭─[/home/arthur/workspace/Kata5/crates/kata-driver/../../examples/legacy/test_is_prime.kata:17:33]
 16 │ is_prime :: Int => Bool
 17 │ lambda x: is_prime_aux x 0 [2..x]
    ·                                 ─
 18 │ 
    ╰────
