---
source: crates/kata-driver/tests/examples_snapshot.rs
expression: output
---
--- stderr ---
Error: parse.unexpected_token

  × token inesperado: esperado `INDENT (action body)`, encontrado `<STMT_SEP>`
   ╭─[/home/arthur/workspace/Kata5/crates/kata-driver/../../examples/legacy/failure_test_orphan.kata:1:1]
 1 │ # Teste de Regra de Coerência
   · ▲
 2 │ 
   ╰────
