---
source: crates/kata-driver/tests/examples_snapshot.rs
expression: output
---
--- stderr ---
[resolution] warning: interface 'ITERATOR' não declarada (em implements para CustomIter) — pode ser um typo ou falta de import
[resolution] warning: interface 'ITERATOR' não declarada (em implements para CustomIter) — pode ser um typo ou falta de import
Error: type.mismatch

  × tipo incompatível: esperado `Optional`, encontrado `Optional::(T)`
