---
source: crates/kata-driver/tests/examples_snapshot.rs
expression: output
---
--- stderr ---
Error: parse.unexpected_token

  × token inesperado: esperado ``fat_tail` tem aridade padrão 2 — excesso de
  │ argumentos posicionais. Use `fat_tail{...}` para aridade diferente ou
  │ separe com quebra de linha.`, encontrado `$`
   ╭─[/home/arthur/workspace/Kata5/crates/kata-driver/../../examples/legacy/test_fatorial.kata:3:15]
 2 │ lambda 0 acc: acc
 3 │ lambda n acc: fat_tail $(- n 1) $(* n acc)
   ·               ───────────────────
 4 │ 
   ╰────
