---
source: crates/kata-driver/tests/examples_snapshot.rs
expression: output
---
Verde
Some(10)
OK(200)
Normal(22.5)
--- stderr ---
[resolution] warning: `read` tem overloads com aridades diferentes (1 vs 2) — aridade padrão = 1 (primeira declaração)
[resolution] warning: `read` tem overloads com aridades diferentes (1 vs 2) — aridade padrão = 1 (primeira declaração)
