---
source: crates/kata-driver/tests/examples_snapshot.rs
expression: output
---
--- stderr ---
Error: parse.unexpected_token

  × token inesperado: esperado ``fat_tail` tem aridade padrão 2 — excesso de
  │ argumentos posicionais. Use `fat_tail{...}` para aridade diferente ou
  │ separe com quebra de linha.`, encontrado `$`
