---
source: crates/kata-driver/tests/examples_snapshot.rs
assertion_line: 100
expression: output
---
--- stderr ---
Error: parse.unexpected_token

  × token inesperado: esperado `variant name`, encontrado `|`
   ╭─[/home/arthur/workspace/Kata5/crates/kata-driver/../../examples/legacy/test_enum.kata:3:5]
 2 │ enum Sinal
 3 │     | Verde
   ·     ┬
   ·     ╰── token inesperado
 4 │     | Amarelo
   ╰────
