---
source: crates/kata-driver/tests/examples_snapshot.rs
expression: output
---
--- stderr ---
Error: parse.unexpected_token

  × token inesperado: esperado ``:=``, encontrado `::`
   ╭─[/home/arthur/workspace/Kata5/crates/kata-driver/../../examples/legacy/test_coercion.kata:6:22]
 5 │     let arr := {1 2 3 4}
 6 │     let tensor_result::Tensor := (arr)
   ·                      ─┬
   ·                       ╰── token inesperado
 7 │     echo!("Coercion OK")
   ╰────
