---
source: crates/kata-driver/tests/examples_snapshot.rs
expression: output
---
--- stderr ---
Error: parse.unexpected_token

  × token inesperado: esperado ``)``, encontrado `factory`
   ╭─[/home/arthur/workspace/Kata5/crates/kata-driver/../../examples/legacy/test_broadcast.kata:3:13]
 2 │     match broadcast!()
 3 │         (tx factory):
   ·             ───────
 4 │             echo!("broadcast criado")
   ╰────
