---
source: crates/kata-driver/tests/examples_snapshot.rs
expression: output
---
--- stderr ---
Error: parse.unexpected_token

  × token inesperado: esperado ``!` após `type``, encontrado `my_config`
    ╭─[/home/arthur/workspace/Kata5/crates/kata-driver/../../examples/legacy/test_phase9.kata:12:19]
 11 │     let my_config := Config "localhost" 8080
 12 │     let t := type my_config
    ·                   ────┬────
    ·                       ╰── token inesperado
 13 │     let f := fields my_config
    ╰────
