---
source: crates/kata-driver/tests/examples_snapshot.rs
expression: output
---
--- stderr ---
Error: parse.unexpected_token

  × token inesperado: esperado ``:` após pattern do braço`, encontrado `1`
   ╭─[/home/arthur/workspace/Kata5/crates/kata-driver/../../examples/legacy/test_for_break.kata:6:17]
 5 │         match i
 6 │             > _ 1: break
   ·                 ┬
   ·                 ╰── token inesperado
 7 │             otherwise:
   ╰────
