---
source: crates/kata-driver/tests/examples_snapshot.rs
expression: output
---
--- stderr ---
Error: parse.unexpected_token

  × token inesperado: esperado `variant name`, encontrado `|`
   ╭─[/home/arthur/workspace/Kata5/crates/kata-driver/../../examples/legacy/test_match_exhaust.kata:3:5]
 2 │ enum Cor
 3 │     | Azul
   ·     ┬
   ·     ╰── token inesperado
 4 │     | Verde
   ╰────
