---
source: crates/kata-driver/tests/examples_snapshot.rs
expression: output
---
--- stderr ---
Error: type.family_extension_invalid

  × `Internal implements NUM` estendeu a família `NonZero`, mas o predicado da
  │ família não é válido para `Internal`
   ╭─[/home/arthur/workspace/Kata5/crates/kata-driver/../../examples/modules/private_type.kata:7:1]
 6 │ 
 7 │ Internal implements NUM
   · ────┬───
   ·     ╰── estende família inválida
 8 │     + :: Internal Internal => Internal
   ╰────
