---
source: crates/kata-driver/tests/examples_snapshot.rs
assertion_line: 100
expression: output
---
--- stderr ---
Error:   × erro de resolução (Pass 1): [UnknownDirective { name: "log", context:
  │ "action", item_name: "test_log: when é obrigatório em @log" },
  │ UnknownDirective { name: "log", context: "action", item_name: "test_log:
  │ when deve ser \"enter\" ou \"exit\", got \"\"" }]
