---
source: crates/kata-driver/tests/examples_snapshot.rs
expression: output
---
--- stderr ---
Error: parse.unexpected_token

  × token inesperado: esperado ``)``, encontrado `rx`
    ╭─[/home/arthur/workspace/Kata5/crates/kata-driver/../../examples/legacy/test_csp_syntax.kata:9:13]
  8 │     match channel!()
  9 │         (tx rx):
    ·             ──
 10 │             # Faz fork da corrotina worker passando a ponta de envio
    ╰────
