---
source: crates/kata-driver/tests/examples_snapshot.rs
expression: output
---
--- stderr ---
Error: parse.unexpected_token

  × token inesperado: esperado ``)``, encontrado `rx`
   ╭─[/home/arthur/workspace/Kata5/crates/kata-driver/../../examples/legacy/test_e2e_escape.kata:6:13]
 5 │     match channel!()
 6 │         (tx rx):
   ·             ──
 7 │             let arr := {10 20 30}
   ╰────
