---
source: crates/kata-inference/tests/tast_snapshot.rs
expression: tast_snapshot(src)
---
=== Entry ===
  ty: Prim(Int)
  kind: Closure { callee: Spanned { node: TypedExpr { span: Span { offset: 0, line: 1, col: 1, len: 1 }, ty: Function([Prim(Int), Prim(Int)], Prim(Int)), tail_pos: false, escape: Local, kind: Ident { name: "+" } }, span: Span { offset: 0, line: 1, col: 1, len: 1 } }, args: [Spanned { node: TypedExpr { span: Span { offset: 2, line: 1, col: 3, len: 1 }, ty: Prim(Int), tail_pos: false, escape: Caller, kind: IntLit { text: "1" } }, span: Span { offset: 2, line: 1, col: 3, len: 1 } }, Spanned { node: TypedExpr { span: Span { offset: 4, line: 1, col: 5, len: 1 }, ty: Prim(Int), tail_pos: false, escape: Caller, kind: IntLit { text: "2" } }, span: Span { offset: 4, line: 1, col: 5, len: 1 } }], ffi_symbol: Some("kata_rt_bi_add") }

=== Functions ===
  abs :: [Prim(Int)] => Prim(Int)
  abs :: [Prim(Float)] => Prim(Float)
  abs :: [Prim(Rational)] => Prim(Rational)
  and :: [Sum("Boolean"), Sum("Boolean")] => Sum("Boolean")
  div :: [Prim(Int), Prim(Int)] => Generic("Result", [Prim(Int), Prim(Text)])
  mod :: [Prim(Int), Prim(Int)] => Prim(Int)
  show :: [Prim(Text)] => Prim(Text)

=== Actions ===
  echo :: [Interface("SHOW")] => Unit
