---
source: crates/kata-inference/tests/tast_snapshot.rs
expression: tast_snapshot(src)
---
=== Entry ===
  ty: Unit
  kind: ActionCall { callee: "main", args: Spanned { node: TypedExpr { span: Span { offset: 69, line: 6, col: 6, len: 1 }, ty: Unit, tail_pos: false, escape: Caller, kind: Unit }, span: Span { offset: 69, line: 6, col: 6, len: 1 } }, caller_arena: 0, ffi_symbol: None, indirect_callee: None }

=== Functions ===
  abs :: [Prim(Int)] => Prim(Int)
  abs :: [Prim(Float)] => Prim(Float)
  abs :: [Prim(Rational)] => Prim(Rational)
  and :: [Sum("Boolean"), Sum("Boolean")] => Sum("Boolean")
  div :: [Prim(Int), Prim(Int)] => Generic("Result", [Prim(Int), Prim(Text)])
  div :: [Prim(Float), Prim(Float)] => Generic("Result", [Prim(Float), Prim(Text)])
  div :: [Prim(Rational), Prim(Rational)] => Generic("Result", [Prim(Rational), Prim(Text)])
  mod :: [Prim(Int), Prim(Int)] => Prim(Int)
  show :: [Prim(Text)] => Prim(Text)

=== Actions ===
  echo :: [Interface("SHOW")] => Unit
  main :: [] => Unit
