---
source: crates/kata-inference/tests/tast_snapshot.rs
expression: tast_snapshot(src)
---
=== Entry ===
  ty: Prim(Int)
  kind: Ident { name: "x" }

=== Functions ===
  abs :: [Prim(Int)] => Prim(Int)
  abs :: [Prim(Float)] => Prim(Float)
  abs :: [Prim(Rational)] => Prim(Rational)
  and :: [Sum("Boolean"), Sum("Boolean")] => Sum("Boolean")
  div :: [Prim(Int), Prim(Int)] => Generic("Result", [Prim(Int), Prim(Text)])
  mod :: [Prim(Int), Prim(Int)] => Prim(Int)
  show :: [Prim(Text)] => Prim(Text)

=== Actions ===
  echo :: [Interface("SHOW")] => Unit
