---
source: crates/kata-inference/tests/tast_snapshot.rs
expression: tast_snapshot(src)
---
=== Entry ===
  ty: Prim(Int)
  kind: Ident { name: "x" }

=== Functions ===
  and :: [Sum("Boolean"), Sum("Boolean")] => Sum("Boolean")
  mod :: [Prim(Int), Prim(Int)] => Prim(Int)
  show :: [Prim(Text)] => Prim(Text)

=== Actions ===
  echo :: [Interface("SHOW")] => Unit
